[2024-03-23T11:28:02.150+0300][0.013s] Using G1
[2024-03-23T11:28:02.462+0300][0.325s] Version: 17.0.7+7-LTS (release)
[2024-03-23T11:28:02.462+0300][0.325s] CPUs: 8 total, 8 available
[2024-03-23T11:28:02.462+0300][0.325s] Memory: 32768M
[2024-03-23T11:28:02.462+0300][0.325s] Large Page Support: Disabled
[2024-03-23T11:28:02.462+0300][0.325s] NUMA Support: Disabled
[2024-03-23T11:28:02.462+0300][0.325s] Compressed Oops: Enabled (Zero based)
[2024-03-23T11:28:02.462+0300][0.325s] Heap Region Size: 1M
[2024-03-23T11:28:02.462+0300][0.325s] Heap Min Capacity: 512M
[2024-03-23T11:28:02.462+0300][0.325s] Heap Initial Capacity: 512M
[2024-03-23T11:28:02.462+0300][0.325s] Heap Max Capacity: 512M
[2024-03-23T11:28:02.462+0300][0.325s] Pre-touch: Enabled
[2024-03-23T11:28:02.462+0300][0.325s] Parallel Workers: 8
[2024-03-23T11:28:02.462+0300][0.325s] Concurrent Workers: 2
[2024-03-23T11:28:02.462+0300][0.325s] Concurrent Refinement Workers: 8
[2024-03-23T11:28:02.462+0300][0.325s] Periodic GC: Disabled
[2024-03-23T11:28:02.463+0300][0.325s] CDS archive(s) mapped at: [0x0000000800000000-0x0000000800bd2000-0x0000000800bd2000), size 12394496, SharedBaseAddress: 0x0000000800000000, ArchiveRelocationMode: 0.
[2024-03-23T11:28:02.463+0300][0.325s] Compressed class space mapped at: 0x0000000801000000-0x0000000841000000, reserved size: 1073741824
[2024-03-23T11:28:02.463+0300][0.325s] Narrow klass base: 0x0000000800000000, Narrow klass shift: 0, Narrow klass range: 0x100000000
[2024-03-23T11:28:03.135+0300][0.998s] GC(0) Pause Young (Normal) (G1 Evacuation Pause)
[2024-03-23T11:28:03.136+0300][0.999s] GC(0) Using 8 workers of 8 for evacuation
[2024-03-23T11:28:03.139+0300][1.001s] GC(0)   Pre Evacuate Collection Set: 0.1ms
[2024-03-23T11:28:03.139+0300][1.002s] GC(0)   Merge Heap Roots: 0.1ms
[2024-03-23T11:28:03.139+0300][1.002s] GC(0)   Evacuate Collection Set: 1.7ms
[2024-03-23T11:28:03.139+0300][1.002s] GC(0)   Post Evacuate Collection Set: 0.4ms
[2024-03-23T11:28:03.139+0300][1.002s] GC(0)   Other: 0.9ms
[2024-03-23T11:28:03.139+0300][1.002s] GC(0) Eden regions: 29->0(63)
[2024-03-23T11:28:03.139+0300][1.002s] GC(0) Survivor regions: 0->4(4)
[2024-03-23T11:28:03.139+0300][1.002s] GC(0) Old regions: 0->0
[2024-03-23T11:28:03.139+0300][1.002s] GC(0) Archive regions: 2->2
[2024-03-23T11:28:03.139+0300][1.002s] GC(0) Humongous regions: 0->0
[2024-03-23T11:28:03.139+0300][1.002s] GC(0) Metaspace: 7698K(7936K)->7698K(7936K) NonClass: 6776K(6912K)->6776K(6912K) Class: 922K(1024K)->922K(1024K)
[2024-03-23T11:28:03.139+0300][1.002s] GC(0) Pause Young (Normal) (G1 Evacuation Pause) 29M->4M(512M) 3.392ms
[2024-03-23T11:28:03.139+0300][1.002s] GC(0) User=0.01s Sys=0.00s Real=0.00s
[2024-03-23T11:28:07.978+0300][5.841s] GC(1) Pause Young (Normal) (G1 Evacuation Pause)
[2024-03-23T11:28:07.978+0300][5.841s] GC(1) Using 8 workers of 8 for evacuation
[2024-03-23T11:28:07.985+0300][5.848s] GC(1)   Pre Evacuate Collection Set: 0.1ms
[2024-03-23T11:28:07.985+0300][5.848s] GC(1)   Merge Heap Roots: 0.1ms
[2024-03-23T11:28:07.985+0300][5.848s] GC(1)   Evacuate Collection Set: 5.8ms
[2024-03-23T11:28:07.985+0300][5.848s] GC(1)   Post Evacuate Collection Set: 0.8ms
[2024-03-23T11:28:07.985+0300][5.848s] GC(1)   Other: 0.2ms
[2024-03-23T11:28:07.985+0300][5.848s] GC(1) Eden regions: 63->0(130)
[2024-03-23T11:28:07.985+0300][5.848s] GC(1) Survivor regions: 4->9(9)
[2024-03-23T11:28:07.985+0300][5.848s] GC(1) Old regions: 0->5
[2024-03-23T11:28:07.985+0300][5.848s] GC(1) Archive regions: 2->2
[2024-03-23T11:28:07.985+0300][5.848s] GC(1) Humongous regions: 4->4
[2024-03-23T11:28:07.985+0300][5.848s] GC(1) Metaspace: 18403K(18688K)->18403K(18688K) NonClass: 16193K(16384K)->16193K(16384K) Class: 2209K(2304K)->2209K(2304K)
[2024-03-23T11:28:07.985+0300][5.848s] GC(1) Pause Young (Normal) (G1 Evacuation Pause) 71M->18M(512M) 7.058ms
[2024-03-23T11:28:07.985+0300][5.848s] GC(1) User=0.04s Sys=0.01s Real=0.01s
[2024-03-23T11:28:08.298+0300][6.161s] GC(2) Pause Young (Normal) (G1 Evacuation Pause)
[2024-03-23T11:28:08.298+0300][6.161s] GC(2) Using 8 workers of 8 for evacuation
[2024-03-23T11:28:08.302+0300][6.165s] GC(2)   Pre Evacuate Collection Set: 0.1ms
[2024-03-23T11:28:08.303+0300][6.166s] GC(2)   Merge Heap Roots: 0.1ms
[2024-03-23T11:28:08.303+0300][6.166s] GC(2)   Evacuate Collection Set: 3.9ms
[2024-03-23T11:28:08.303+0300][6.166s] GC(2)   Post Evacuate Collection Set: 0.5ms
[2024-03-23T11:28:08.303+0300][6.166s] GC(2)   Other: 0.2ms
[2024-03-23T11:28:08.303+0300][6.166s] GC(2) Eden regions: 120->0(295)
[2024-03-23T11:28:08.303+0300][6.166s] GC(2) Survivor regions: 9->12(17)
[2024-03-23T11:28:08.303+0300][6.166s] GC(2) Old regions: 5->8
[2024-03-23T11:28:08.303+0300][6.166s] GC(2) Archive regions: 2->2
[2024-03-23T11:28:08.303+0300][6.166s] GC(2) Humongous regions: 4->4
[2024-03-23T11:28:08.303+0300][6.166s] GC(2) Metaspace: 18754K(19008K)->18754K(19008K) NonClass: 16515K(16640K)->16515K(16640K) Class: 2238K(2368K)->2238K(2368K)
[2024-03-23T11:28:08.303+0300][6.166s] GC(2) Pause Young (Normal) (G1 Evacuation Pause) 138M->23M(512M) 4.814ms
[2024-03-23T11:28:08.303+0300][6.166s] GC(2) User=0.02s Sys=0.00s Real=0.01s
[2024-03-23T11:28:08.607+0300][6.470s] GC(3) Pause Young (Concurrent Start) (Metadata GC Threshold)
[2024-03-23T11:28:08.607+0300][6.470s] GC(3) Using 8 workers of 8 for evacuation
[2024-03-23T11:28:08.611+0300][6.474s] GC(3)   Pre Evacuate Collection Set: 0.1ms
[2024-03-23T11:28:08.611+0300][6.474s] GC(3)   Merge Heap Roots: 0.1ms
[2024-03-23T11:28:08.611+0300][6.474s] GC(3)   Evacuate Collection Set: 3.6ms
[2024-03-23T11:28:08.611+0300][6.474s] GC(3)   Post Evacuate Collection Set: 0.4ms
[2024-03-23T11:28:08.611+0300][6.474s] GC(3)   Other: 0.3ms
[2024-03-23T11:28:08.611+0300][6.474s] GC(3) Eden regions: 20->0(295)
[2024-03-23T11:28:08.611+0300][6.474s] GC(3) Survivor regions: 12->12(39)
[2024-03-23T11:28:08.611+0300][6.474s] GC(3) Old regions: 8->8
[2024-03-23T11:28:08.611+0300][6.474s] GC(3) Archive regions: 2->2
[2024-03-23T11:28:08.611+0300][6.474s] GC(3) Humongous regions: 4->4
[2024-03-23T11:28:08.611+0300][6.474s] GC(3) Metaspace: 21196K(21504K)->21196K(21504K) NonClass: 18651K(18816K)->18651K(18816K) Class: 2544K(2688K)->2544K(2688K)
[2024-03-23T11:28:08.611+0300][6.474s] GC(3) Pause Young (Concurrent Start) (Metadata GC Threshold) 43M->24M(512M) 4.606ms
[2024-03-23T11:28:08.611+0300][6.474s] GC(3) User=0.02s Sys=0.00s Real=0.01s
[2024-03-23T11:28:08.611+0300][6.474s] GC(4) Concurrent Mark Cycle
[2024-03-23T11:28:08.611+0300][6.474s] GC(4) Concurrent Clear Claimed Marks
[2024-03-23T11:28:08.611+0300][6.474s] GC(4) Concurrent Clear Claimed Marks 0.020ms
[2024-03-23T11:28:08.612+0300][6.474s] GC(4) Concurrent Scan Root Regions
[2024-03-23T11:28:08.614+0300][6.477s] GC(4) Concurrent Scan Root Regions 2.853ms
[2024-03-23T11:28:08.614+0300][6.477s] GC(4) Concurrent Mark
[2024-03-23T11:28:08.614+0300][6.477s] GC(4) Concurrent Mark From Roots
[2024-03-23T11:28:08.614+0300][6.477s] GC(4) Using 2 workers of 2 for marking
[2024-03-23T11:28:08.623+0300][6.486s] GC(4) Concurrent Mark From Roots 8.803ms
[2024-03-23T11:28:08.623+0300][6.486s] GC(4) Concurrent Preclean
[2024-03-23T11:28:08.623+0300][6.486s] GC(4) Concurrent Preclean 0.068ms
[2024-03-23T11:28:08.624+0300][6.487s] GC(4) Pause Remark
[2024-03-23T11:28:08.625+0300][6.488s] GC(4) Pause Remark 24M->24M(512M) 1.147ms
[2024-03-23T11:28:08.625+0300][6.488s] GC(4) User=0.00s Sys=0.00s Real=0.00s
[2024-03-23T11:28:08.625+0300][6.488s] GC(4) Concurrent Mark 10.565ms
[2024-03-23T11:28:08.625+0300][6.488s] GC(4) Concurrent Rebuild Remembered Sets
[2024-03-23T11:28:08.629+0300][6.492s] GC(4) Concurrent Rebuild Remembered Sets 4.378ms
[2024-03-23T11:28:08.630+0300][6.493s] GC(4) Pause Cleanup
[2024-03-23T11:28:08.630+0300][6.493s] GC(4) Pause Cleanup 25M->25M(512M) 0.107ms
[2024-03-23T11:28:08.630+0300][6.493s] GC(4) User=0.00s Sys=0.00s Real=0.00s
[2024-03-23T11:28:08.630+0300][6.493s] GC(4) Concurrent Cleanup for Next Mark
[2024-03-23T11:28:08.631+0300][6.494s] GC(4) Concurrent Cleanup for Next Mark 0.780ms
[2024-03-23T11:28:08.631+0300][6.494s] GC(4) Concurrent Mark Cycle 19.178ms
[2024-03-23T11:28:10.195+0300][8.058s] GC(5) Pause Young (Concurrent Start) (Metadata GC Threshold)
[2024-03-23T11:28:10.195+0300][8.058s] GC(5) Using 8 workers of 8 for evacuation
[2024-03-23T11:28:10.201+0300][8.064s] GC(5)   Pre Evacuate Collection Set: 0.1ms
[2024-03-23T11:28:10.202+0300][8.064s] GC(5)   Merge Heap Roots: 0.1ms
[2024-03-23T11:28:10.202+0300][8.064s] GC(5)   Evacuate Collection Set: 5.3ms
[2024-03-23T11:28:10.202+0300][8.064s] GC(5)   Post Evacuate Collection Set: 0.8ms
[2024-03-23T11:28:10.202+0300][8.064s] GC(5)   Other: 0.2ms
[2024-03-23T11:28:10.202+0300][8.065s] GC(5) Eden regions: 110->0(289)
[2024-03-23T11:28:10.202+0300][8.065s] GC(5) Survivor regions: 12->18(39)
[2024-03-23T11:28:10.202+0300][8.065s] GC(5) Old regions: 8->8
[2024-03-23T11:28:10.202+0300][8.065s] GC(5) Archive regions: 2->2
[2024-03-23T11:28:10.202+0300][8.065s] GC(5) Humongous regions: 4->4
[2024-03-23T11:28:10.202+0300][8.065s] GC(5) Metaspace: 35634K(35968K)->35634K(35968K) NonClass: 31266K(31424K)->31266K(31424K) Class: 4368K(4544K)->4368K(4544K)
[2024-03-23T11:28:10.202+0300][8.065s] GC(5) Pause Young (Concurrent Start) (Metadata GC Threshold) 133M->30M(512M) 6.534ms
[2024-03-23T11:28:10.202+0300][8.065s] GC(5) User=0.04s Sys=0.00s Real=0.01s
[2024-03-23T11:28:10.202+0300][8.065s] GC(6) Concurrent Mark Cycle
[2024-03-23T11:28:10.202+0300][8.065s] GC(6) Concurrent Clear Claimed Marks
[2024-03-23T11:28:10.202+0300][8.065s] GC(6) Concurrent Clear Claimed Marks 0.023ms
[2024-03-23T11:28:10.202+0300][8.065s] GC(6) Concurrent Scan Root Regions
[2024-03-23T11:28:10.206+0300][8.069s] GC(6) Concurrent Scan Root Regions 3.914ms
[2024-03-23T11:28:10.206+0300][8.069s] GC(6) Concurrent Mark
[2024-03-23T11:28:10.206+0300][8.069s] GC(6) Concurrent Mark From Roots
[2024-03-23T11:28:10.206+0300][8.069s] GC(6) Using 2 workers of 2 for marking
[2024-03-23T11:28:10.212+0300][8.075s] GC(6) Concurrent Mark From Roots 6.220ms
[2024-03-23T11:28:10.212+0300][8.075s] GC(6) Concurrent Preclean
[2024-03-23T11:28:10.212+0300][8.075s] GC(6) Concurrent Preclean 0.041ms
[2024-03-23T11:28:10.212+0300][8.075s] GC(6) Pause Remark
[2024-03-23T11:28:10.214+0300][8.077s] GC(6) Pause Remark 31M->31M(512M) 1.505ms
[2024-03-23T11:28:10.214+0300][8.077s] GC(6) User=0.01s Sys=0.01s Real=0.00s
[2024-03-23T11:28:10.214+0300][8.077s] GC(6) Concurrent Mark 8.134ms
[2024-03-23T11:28:10.214+0300][8.077s] GC(6) Concurrent Rebuild Remembered Sets
[2024-03-23T11:28:10.217+0300][8.080s] GC(6) Concurrent Rebuild Remembered Sets 3.384ms
[2024-03-23T11:28:10.218+0300][8.081s] GC(6) Pause Cleanup
[2024-03-23T11:28:10.218+0300][8.081s] GC(6) Pause Cleanup 31M->31M(512M) 0.118ms
[2024-03-23T11:28:10.218+0300][8.081s] GC(6) User=0.00s Sys=0.00s Real=0.00s
[2024-03-23T11:28:10.218+0300][8.081s] GC(6) Concurrent Cleanup for Next Mark
[2024-03-23T11:28:10.219+0300][8.082s] GC(6) Concurrent Cleanup for Next Mark 0.797ms
[2024-03-23T11:28:10.219+0300][8.082s] GC(6) Concurrent Mark Cycle 16.997ms
[2024-03-23T11:37:02.805+0300][540.669s] Heap
[2024-03-23T11:37:02.805+0300][540.670s]  garbage-first heap   total 524288K, used 313510K [0x00000007e0000000, 0x0000000800000000)
[2024-03-23T11:37:02.805+0300][540.670s]   region size 1024K, 293 young (300032K), 18 survivors (18432K)
[2024-03-23T11:37:02.805+0300][540.670s]  Metaspace       used 44114K, committed 44544K, reserved 1114112K
[2024-03-23T11:37:02.805+0300][540.670s]   class space    used 5556K, committed 5760K, reserved 1048576K
